// Jest Snapshot v1, https://goo.gl/fbAQLP

exports[`<Accordion /> opens and closes the <Accordion.Body /> when <Accordion.Header /> is clicked 1`] = `
<section
  class="accordion__Container-sc-1wnyt6p-0 iwAisH"
>
  <div
    class="accordion__Inner-sc-1wnyt6p-1 gBZrXQ"
  >
    <h1
      class="accordion__Title-sc-1wnyt6p-3 cQxyBa"
    >
      Frequently Asked Questions
    </h1>
    <div
      class="accordion__Item-sc-1wnyt6p-2 cchlqp"
    >
      <div
        class="accordion__Header-sc-1wnyt6p-4 dyEQIz"
      >
        What is Netflix?
        <img
          alt="Open"
          src="/images/icons/add.png"
        />
      </div>
    </div>
    <div
      class="accordion__Item-sc-1wnyt6p-2 cchlqp"
    >
      <div
        class="accordion__Header-sc-1wnyt6p-4 dyEQIz"
      >
        How much does Netflix cost?
        <img
          alt="Open"
          src="/images/icons/add.png"
        />
      </div>
    </div>
    <div
      class="accordion__Item-sc-1wnyt6p-2 cchlqp"
    >
      <div
        class="accordion__Header-sc-1wnyt6p-4 dyEQIz"
      >
        Where can I watch?
        <img
          alt="Open"
          src="/images/icons/add.png"
        />
      </div>
    </div>
    <div
      class="accordion__Item-sc-1wnyt6p-2 cchlqp"
    >
      <div
        class="accordion__Header-sc-1wnyt6p-4 dyEQIz"
      >
        How do I cancel?
        <img
          alt="Open"
          src="/images/icons/add.png"
        />
      </div>
    </div>
    <div
      class="accordion__Item-sc-1wnyt6p-2 cchlqp"
    >
      <div
        class="accordion__Header-sc-1wnyt6p-4 dyEQIz"
      >
        What can I watch on Netflix?
        <img
          alt="Open"
          src="/images/icons/add.png"
        />
      </div>
    </div>
  </div>
</section>
`;

exports[`<Accordion /> renders the <Accordion /> with populated data 1`] = `
<section
  class="accordion__Container-sc-1wnyt6p-0 iwAisH"
>
  <div
    class="accordion__Inner-sc-1wnyt6p-1 gBZrXQ"
  >
    <h1
      class="accordion__Title-sc-1wnyt6p-3 cQxyBa"
    >
      Frequently Asked Questions
    </h1>
    <div
      class="accordion__Item-sc-1wnyt6p-2 cchlqp"
    >
      <div
        class="accordion__Header-sc-1wnyt6p-4 dyEQIz"
      >
        What is Netflix?
        <img
          alt="Open"
          src="/images/icons/add.png"
        />
      </div>
    </div>
    <div
      class="accordion__Item-sc-1wnyt6p-2 cchlqp"
    >
      <div
        class="accordion__Header-sc-1wnyt6p-4 dyEQIz"
      >
        How much does Netflix cost?
        <img
          alt="Open"
          src="/images/icons/add.png"
        />
      </div>
    </div>
    <div
      class="accordion__Item-sc-1wnyt6p-2 cchlqp"
    >
      <div
        class="accordion__Header-sc-1wnyt6p-4 dyEQIz"
      >
        Where can I watch?
        <img
          alt="Open"
          src="/images/icons/add.png"
        />
      </div>
    </div>
    <div
      class="accordion__Item-sc-1wnyt6p-2 cchlqp"
    >
      <div
        class="accordion__Header-sc-1wnyt6p-4 dyEQIz"
      >
        How do I cancel?
        <img
          alt="Open"
          src="/images/icons/add.png"
        />
      </div>
    </div>
    <div
      class="accordion__Item-sc-1wnyt6p-2 cchlqp"
    >
      <div
        class="accordion__Header-sc-1wnyt6p-4 dyEQIz"
      >
        What can I watch on Netflix?
        <img
          alt="Open"
          src="/images/icons/add.png"
        />
      </div>
    </div>
  </div>
</section>
`;
