// Jest Snapshot v1, https://goo.gl/fbAQLP

exports[`<Form /> renders the <Form /> with an error 1`] = `
<section
  class="form__Container-sc-1jfxee4-0 eipamp"
>
  <div
    class="form__Error-sc-1jfxee4-8 cqXjql"
  >
    The email address you provided is already assigned to an account.
  </div>
  <button
    class="form__Submit-sc-1jfxee4-7 fBRmMV"
    type="submit"
  >
    Sign in
  </button>
</section>
`;

exports[`<Form /> renders the <Form /> with populated data 1`] = `
<section
  class="form__Container-sc-1jfxee4-0 eipamp"
>
  <h1
    class="form__Title-sc-1jfxee4-2 eDGehy"
  >
    Sign in Now
  </h1>
  <form
    class="form__Base-sc-1jfxee4-1 dbOydX"
    method="POST"
  >
    <input
      class="form__Input-sc-1jfxee4-6 fzYHDo"
      placeholder="Email address"
      required=""
      type="email"
    />
    <input
      class="form__Input-sc-1jfxee4-6 fzYHDo"
      placeholder="Password"
      required=""
      type="password"
    />
    <button
      class="form__Submit-sc-1jfxee4-7 fBRmMV"
      disabled=""
      type="submit"
    >
      Sign in
    </button>
    <p
      class="form__Text-sc-1jfxee4-3 duTDL"
    >
      New to Netflix? 
    </p>
    <small
      class="form__TextSmall-sc-1jfxee4-4 ktpjKL"
    >
      This page is protected by Google reCAPTCHA to ensure you're not a bot.
    </small>
  </form>
</section>
`;
