// Jest Snapshot v1, https://goo.gl/fbAQLP

exports[`<Jumbotron /> renders the <Jumbotron /> with populated data 1`] = `
<section
  class="jumbotron__Container-sc-1al52go-3 gxbHvt"
>
  <div
    class="jumbotron__Item-sc-1al52go-2 iijFuS"
  >
    <div
      class="jumbotron__Inner-sc-1al52go-0 kJrWkr"
      direction="row"
    >
      <div
        class="jumbotron__Pane-sc-1al52go-1 gyJfvN"
      >
        <h1
          class="jumbotron__Title-sc-1al52go-4 npTDW"
        >
          Enjoy Netflix on your TV.
        </h1>
        <h2
          class="jumbotron__Subtitle-sc-1al52go-5 euxbbV"
        >
          Watch titles on Smart TVs, PlayStation, Xbox, Chromecast, Apple TV, Blu-ray players and more.
        </h2>
      </div>
      <div
        class="jumbotron__Pane-sc-1al52go-1 gyJfvN"
      >
        <img
          alt="Tiger King on Netflix"
          class="jumbotron__Image-sc-1al52go-6 bVmSwN"
          data-testid="1-jumbo-image"
          src="/images/misc/home-tv.jpg"
        />
      </div>
    </div>
  </div>
  <div
    class="jumbotron__Item-sc-1al52go-2 iijFuS"
  >
    <div
      class="jumbotron__Inner-sc-1al52go-0 kJrWkr"
      direction="row"
    >
      <div
        class="jumbotron__Pane-sc-1al52go-1 gyJfvN"
      >
        <h1
          class="jumbotron__Title-sc-1al52go-4 npTDW"
        >
          Download your shows to watch them offline.
        </h1>
        <h2
          class="jumbotron__Subtitle-sc-1al52go-5 euxbbV"
        >
          Save your favourites easily and always have something to watch.
        </h2>
      </div>
      <div
        class="jumbotron__Pane-sc-1al52go-1 gyJfvN"
      >
        <img
          alt="Stranger Things on Netflix"
          class="jumbotron__Image-sc-1al52go-6 bVmSwN"
          data-testid="2-jumbo-image"
          src="/images/misc/home-mobile.jpg"
        />
      </div>
    </div>
  </div>
  <div
    class="jumbotron__Item-sc-1al52go-2 iijFuS"
  >
    <div
      class="jumbotron__Inner-sc-1al52go-0 kJrWkr"
      direction="row"
    >
      <div
        class="jumbotron__Pane-sc-1al52go-1 gyJfvN"
      >
        <h1
          class="jumbotron__Title-sc-1al52go-4 npTDW"
        >
          Watch Netflix everywhere.
        </h1>
        <h2
          class="jumbotron__Subtitle-sc-1al52go-5 euxbbV"
        >
          Stream unlimited movies and TV shows on your phone, tablet, laptop and TV without paying more.
        </h2>
      </div>
      <div
        class="jumbotron__Pane-sc-1al52go-1 gyJfvN"
      >
        <img
          alt="Money Heist on Netflix"
          class="jumbotron__Image-sc-1al52go-6 bVmSwN"
          data-testid="3-jumbo-image"
          src="/images/misc/home-imac.jpg"
        />
      </div>
    </div>
  </div>
</section>
`;
